
> apple-graphics@0.1.0 build
> next build

  Γû▓ Next.js 14.2.35
  - Environments: .env.local, .env

   Creating an optimized production build ...
 Γ£ô Compiled successfully
   Linting and checking validity of types ...
node.exe : 
At line:1 char:1
+ & "C:\Program 
Files\nodejs/node.exe" 
"C:\Program 
Files\nodejs/node_mo ...
+ ~~~~~~~~~~~~~~~~~~~~~~~~
~~~~~~~~~~~~~~~~~~~~~~~~~~
~~~~~~~~~~~~~~~~~~~
    + CategoryInfo        
  : NotSpecified: 
(:String) [], 
RemoteException
    + 
FullyQualifiedErrorId : 
NativeCommandError
 
Failed to compile.

./app/proof/[orderId]/page
.tsx
9:3  Error: 'ShieldCheck' 
is defined but never 
used.  @typescript-eslint/
no-unused-vars

info  - Need to disable 
some ESLint rules? Learn 
more here: https://nextjs.
org/docs/basic-features/es
lint#disabling-rules
