
> apple-graphics@0.1.0 build
> next build

  Γû▓ Next.js 14.2.35
  - Environments: .env.local, .env

   Creating an optimized production build ...
 Γ£ô Compiled successfully
   Linting and checking validity of types ...
node.exe : 
At line:1 char:1
+ & "C:\Program 
Files\nodejs/node.exe" 
"C:\Program 
Files\nodejs/node_mo ...
+ ~~~~~~~~~~~~~~~~~~~~~~~~~~~
~~~~~~~~~~~~~~~~~~~~~~~~~~~~~
~~~~~~~~~~~~~
    + CategoryInfo           
   : NotSpecifi    ed: 
(:String) [],     
RemoteException
    + FullyQualifiedEr    
rorId : NativeComm    
andError
 
Failed to compile.

./app/admin/page.tsx
4:56  Error: 'Clock' is 
defined but never used.  @typ
escript-eslint/no-unused-vars
4:71  Error: 'Search' is 
defined but never used.  @typ
escript-eslint/no-unused-vars
4:85  Error: 'Filter' is 
defined but never used.  @typ
escript-eslint/no-unused-vars
4:93  Error: 
'MoreHorizontal' is defined 
but never used.  @typescript-
eslint/no-unused-vars
4:109  Error: 'Activity' is 
defined but never used.  @typ
escript-eslint/no-unused-vars
4:119  Error: 'ArrowUpRight' 
is defined but never used.  @
typescript-eslint/no-unused-v
ars

info  - Need to disable some 
ESLint rules? Learn more 
here: https://nextjs.org/docs
/basic-features/eslint#disabl
ing-rules
